#-----------------------------------------------------------
# Webtalk v2020.2 (64-bit)
# SW Build 3064766 on Wed Nov 18 09:12:45 MST 2020
# IP Build 3064653 on Wed Nov 18 14:17:31 MST 2020
# Start of session at: Wed Feb 24 15:53:34 2021
# Process ID: 4672
# Current directory: A:/Documents/rozum/Digital-electronics-1/Labs/03-vivado/mux_2bit_4to1/mux_2bit_4to1.sim/sim_1/behav/xsim
# Command line: wbtcv.exe -mode batch -source A:/Documents/rozum/Digital-electronics-1/Labs/03-vivado/mux_2bit_4to1/mux_2bit_4to1.sim/sim_1/behav/xsim/xsim.dir/tb_comparator_2bit_behav/webtalk/xsim_webtalk.tcl -notrace
# Log file: A:/Documents/rozum/Digital-electronics-1/Labs/03-vivado/mux_2bit_4to1/mux_2bit_4to1.sim/sim_1/behav/xsim/webtalk.log
# Journal file: A:/Documents/rozum/Digital-electronics-1/Labs/03-vivado/mux_2bit_4to1/mux_2bit_4to1.sim/sim_1/behav/xsim\webtalk.jou
#-----------------------------------------------------------
source A:/Documents/rozum/Digital-electronics-1/Labs/03-vivado/mux_2bit_4to1/mux_2bit_4to1.sim/sim_1/behav/xsim/xsim.dir/tb_comparator_2bit_behav/webtalk/xsim_webtalk.tcl -notrace
